#
# There is insufficient memory for the Java Runtime Environment to continue.
# Native memory allocation (malloc) failed to allocate 1048576 bytes. Error detail: AllocateHeap
# Possible reasons:
#   The system is out of physical RAM or swap space
#   This process is running with CompressedOops enabled, and the Java Heap may be blocking the growth of the native heap
# Possible solutions:
#   Reduce memory load on the system
#   Increase physical memory or swap space
#   Check if swap backing store is full
#   Decrease Java heap size (-Xmx/-Xms)
#   Decrease number of Java threads
#   Decrease Java thread stack sizes (-Xss)
#   Set larger code cache with -XX:ReservedCodeCacheSize=
#   JVM is running with Unscaled Compressed Oops mode in which the Java heap is
#     placed in the first 4GB address space. The Java Heap base address is the
#     maximum limit for the native heap growth. Please use -XX:HeapBaseMinAddress
#     to set the Java Heap base and to place the Java Heap above 4GB virtual address.
# This output file may be truncated or incomplete.
#
#  Out of Memory Error (allocation.cpp:44), pid=6728, tid=5952
#
# JRE version: OpenJDK Runtime Environment Temurin-21.0.12.1+1 (21.0.12.1+1) (build 21.0.12.1+1-LTS)
# Java VM: OpenJDK 64-Bit Server VM Temurin-21.0.12.1+1 (21.0.12.1+1-LTS, mixed mode, sharing, tiered, compressed oops, compressed class ptrs, parallel gc, windows-amd64)
# No core dump will be written. Minidumps are not enabled by default on client versions of Windows
#

---------------  S U M M A R Y ------------

Command Line: --add-modules=ALL-SYSTEM --add-opens=java.base/java.util=ALL-UNNAMED --add-opens=java.base/java.lang=ALL-UNNAMED --add-opens=java.base/sun.nio.fs=ALL-UNNAMED -Declipse.application=org.eclipse.jdt.ls.core.id1 -Dosgi.bundles.defaultStartLevel=4 -Declipse.product=org.eclipse.jdt.ls.core.product -Djava.import.generatesMetadataFilesAtProjectRoot=false -Dm2e.project.cache.size=50 -DDetectVMInstallationsJob.disabled=true -Dfile.encoding=utf8 -XX:+UseParallelGC -XX:GCTimeRatio=4 -XX:AdaptiveSizePolicyWeight=90 -Dsun.zip.disableMemoryMapping=true -Xmx2G -Xms100m -Xlog:disable -javaagent:c:\Users\LENOVO\.vscode\extensions\redhat.java-1.56.0-win32-x64\lombok\lombok-1.18.39-4050.jar -XX:+HeapDumpOnOutOfMemoryError -XX:HeapDumpPath=c:\Users\LENOVO\AppData\Roaming\Code\User\workspaceStorage\6ef707f3a5bc759fafa6ad099d1bafba\redhat.java -Daether.dependencyCollector.impl=bf c:\Users\LENOVO\.vscode\extensions\redhat.java-1.56.0-win32-x64\server\plugins\org.eclipse.equinox.launcher_1.8.0.v20260804-1928.jar -configuration c:\Users\LENOVO\AppData\Roaming\Code\User\globalStorage\redhat.java\1.56.0\config_win -data c:\Users\LENOVO\AppData\Roaming\Code\User\workspaceStorage\6ef707f3a5bc759fafa6ad099d1bafba\redhat.java\jdt_ws --stdio

Host: Intel(R) Celeron(R) N4020 CPU @ 1.10GHz, 2 cores, 3G,  Windows 11 , 64 bit Build 26100 (10.0.26100.9444)
Time: Tue Oct  6 08:28:47 2026 SE Asia Standard Time elapsed time: 2143.570431 seconds (0d 0h 35m 43s)

---------------  T H R E A D  ---------------

Current thread (0x000002269674d7f0):  JavaThread "Attach Listener" daemon [_thread_in_vm, id=5952, stack(0x000000d543400000,0x000000d543500000) (1024K)]

Stack: [0x000000d543400000,0x000000d543500000]
Native frames: (J=compiled Java code, j=interpreted, Vv=VM code, C=native code)
V  [jvm.dll+0x6d83e9]
V  [jvm.dll+0x8b5736]
V  [jvm.dll+0x8b7cee]
V  [jvm.dll+0x8b83d3]
V  [jvm.dll+0x284596]
V  [jvm.dll+0xc13c7]
V  [jvm.dll+0x6d8c99]
V  [jvm.dll+0x133616]
V  [jvm.dll+0x3f8aae]
V  [jvm.dll+0x8600cd]
V  [jvm.dll+0x6d6c1d]
C  [ucrtbase.dll+0x2cd30]
C  [KERNEL32.DLL+0x2cd87]
C  [ntdll.dll+0xacaec]


---------------  P R O C E S S  ---------------

Threads class SMR info:
_java_thread_list=0x00000226e99ac120, length=42, elements={
0x000002268004bf30, 0x00000226800fe870, 0x00000226967452d0, 0x000002269674cd90,
0x000002269674d7f0, 0x000002269674e250, 0x000002269674ecb0, 0x000002269674faf0,
0x00000226967c7970, 0x00000226dc147710, 0x00000226dc242460, 0x00000226dc3aef80,
0x00000226dc4e5b60, 0x00000226dc3e2830, 0x00000226dc396c50, 0x00000226dc5d5150,
0x00000226dcdb7150, 0x00000226dc26a030, 0x00000226dc329060, 0x00000226dd83e2d0,
0x00000226dd83e960, 0x00000226dd83fd10, 0x00000226df53c710, 0x00000226de143ff0,
0x00000226de147b00, 0x00000226de147470, 0x00000226de1453a0, 0x00000226de144680,
0x00000226de148820, 0x00000226de148eb0, 0x00000226de1432d0, 0x00000226de149540,
0x00000226dc509b30, 0x00000226dc50c290, 0x00000226dc50c920, 0x00000226dc50bc00,
0x00000226dc508e10, 0x00000226dc50d640, 0x00000226dc50dcd0, 0x00000226df542980,
0x00000226df5415d0, 0x00000226df53e7e0
}

Java Threads: ( => current thread )
  0x000002268004bf30 JavaThread "main"                              [_thread_blocked, id=6124, stack(0x000000d542d00000,0x000000d542e00000) (1024K)]
  0x00000226800fe870 JavaThread "Reference Handler"          daemon [_thread_blocked, id=7596, stack(0x000000d543100000,0x000000d543200000) (1024K)]
  0x00000226967452d0 JavaThread "Finalizer"                  daemon [_thread_blocked, id=12676, stack(0x000000d543200000,0x000000d543300000) (1024K)]
  0x000002269674cd90 JavaThread "Signal Dispatcher"          daemon [_thread_blocked, id=13984, stack(0x000000d543300000,0x000000d543400000) (1024K)]
=>0x000002269674d7f0 JavaThread "Attach Listener"            daemon [_thread_in_vm, id=5952, stack(0x000000d543400000,0x000000d543500000) (1024K)]
  0x000002269674e250 JavaThread "Service Thread"             daemon [_thread_blocked, id=7156, stack(0x000000d543500000,0x000000d543600000) (1024K)]
  0x000002269674ecb0 JavaThread "Monitor Deflation Thread"   daemon [_thread_blocked, id=12988, stack(0x000000d543600000,0x000000d543700000) (1024K)]
  0x000002269674faf0 JavaThread "C2 CompilerThread0"         daemon [_thread_blocked, id=15692, stack(0x000000d543700000,0x000000d543800000) (1024K)]
  0x00000226967c7970 JavaThread "C1 CompilerThread0"         daemon [_thread_blocked, id=3040, stack(0x000000d543800000,0x000000d543900000) (1024K)]
  0x00000226dc147710 JavaThread "Common-Cleaner"             daemon [_thread_blocked, id=7744, stack(0x000000d543900000,0x000000d543a00000) (1024K)]
  0x00000226dc242460 JavaThread "Notification Thread"        daemon [_thread_blocked, id=5636, stack(0x000000d543a00000,0x000000d543b00000) (1024K)]
  0x00000226dc3aef80 JavaThread "Active Thread: Equinox Container: 54cc9059-e22a-4f4c-8061-fc3c6d12eb63"        [_thread_blocked, id=5204, stack(0x000000d543c00000,0x000000d543d00000) (1024K)]
  0x00000226dc4e5b60 JavaThread "Refresh Thread: Equinox Container: 54cc9059-e22a-4f4c-8061-fc3c6d12eb63" daemon [_thread_blocked, id=14180, stack(0x000000d543d00000,0x000000d543e00000) (1024K)]
  0x00000226dc3e2830 JavaThread "Framework Event Dispatcher: Equinox Container: 54cc9059-e22a-4f4c-8061-fc3c6d12eb63" daemon [_thread_blocked, id=6780, stack(0x000000d543e00000,0x000000d543f00000) (1024K)]
  0x00000226dc396c50 JavaThread "Start Level: Equinox Container: 54cc9059-e22a-4f4c-8061-fc3c6d12eb63" daemon [_thread_blocked, id=2372, stack(0x000000d543f00000,0x000000d544000000) (1024K)]
  0x00000226dc5d5150 JavaThread "Bundle File Closer"         daemon [_thread_blocked, id=15236, stack(0x000000d542c00000,0x000000d542d00000) (1024K)]
  0x00000226dcdb7150 JavaThread "SCR Component Actor"        daemon [_thread_blocked, id=2796, stack(0x000000d544000000,0x000000d544100000) (1024K)]
  0x00000226dc26a030 JavaThread "Worker-JM"                         [_thread_blocked, id=9704, stack(0x000000d544100000,0x000000d544200000) (1024K)]
  0x00000226dc329060 JavaThread "JNA Cleaner"                daemon [_thread_blocked, id=10444, stack(0x000000d544900000,0x000000d544a00000) (1024K)]
  0x00000226dd83e2d0 JavaThread "pool-2-thread-1"                   [_thread_blocked, id=11344, stack(0x000000d544d00000,0x000000d544e00000) (1024K)]
  0x00000226dd83e960 JavaThread "WorkspaceEventsHandler"            [_thread_blocked, id=2180, stack(0x000000d544e00000,0x000000d544f00000) (1024K)]
  0x00000226dd83fd10 JavaThread "pool-1-thread-1"                   [_thread_in_native, id=7460, stack(0x000000d544f00000,0x000000d545000000) (1024K)]
  0x00000226df53c710 JavaThread "Worker-10"                         [_thread_blocked, id=15336, stack(0x000000d545e00000,0x000000d545f00000) (1024K)]
  0x00000226de143ff0 JavaThread "Thread-474"                        [_thread_blocked, id=13252, stack(0x000000d545500000,0x000000d545600000) (1024K)]
  0x00000226de147b00 JavaThread "Thread-475"                        [_thread_blocked, id=15912, stack(0x000000d545600000,0x000000d545700000) (1024K)]
  0x00000226de147470 JavaThread "Thread-511"                        [_thread_blocked, id=15316, stack(0x000000d544b00000,0x000000d544c00000) (1024K)]
  0x00000226de1453a0 JavaThread "Java indexing"              daemon [_thread_blocked, id=12212, stack(0x000000d542b00000,0x000000d542c00000) (1024K)]
  0x00000226de144680 JavaThread "Worker-12"                         [_thread_blocked, id=8552, stack(0x000000d544400000,0x000000d544500000) (1024K)]
  0x00000226de148820 JavaThread "Thread-520"                        [_thread_blocked, id=9296, stack(0x000000d544c00000,0x000000d544d00000) (1024K)]
  0x00000226de148eb0 JavaThread "Thread-521"                        [_thread_blocked, id=3896, stack(0x000000d545000000,0x000000d545100000) (1024K)]
  0x00000226de1432d0 JavaThread "Thread-529"                        [_thread_blocked, id=10368, stack(0x000000d544a00000,0x000000d544b00000) (1024K)]
  0x00000226de149540 JavaThread "Thread-530"                        [_thread_blocked, id=15556, stack(0x000000d545200000,0x000000d545300000) (1024K)]
  0x00000226dc509b30 JavaThread "Thread-553"                        [_thread_blocked, id=16364, stack(0x000000d545800000,0x000000d545900000) (1024K)]
  0x00000226dc50c290 JavaThread "Thread-566"                        [_thread_blocked, id=14464, stack(0x000000d546000000,0x000000d546100000) (1024K)]
  0x00000226dc50c920 JavaThread "Thread-567"                        [_thread_blocked, id=7988, stack(0x000000d546100000,0x000000d546200000) (1024K)]
  0x00000226dc50bc00 JavaThread "Thread-580"                        [_thread_blocked, id=14612, stack(0x000000d545b00000,0x000000d545c00000) (1024K)]
  0x00000226dc508e10 JavaThread "Thread-581"                        [_thread_blocked, id=10348, stack(0x000000d545c00000,0x000000d545d00000) (1024K)]
  0x00000226dc50d640 JavaThread "Thread-593"                        [_thread_blocked, id=3904, stack(0x000000d546200000,0x000000d546300000) (1024K)]
  0x00000226dc50dcd0 JavaThread "Thread-594"                        [_thread_blocked, id=14640, stack(0x000000d546300000,0x000000d546400000) (1024K)]
  0x00000226df542980 JavaThread "Thread-611"                        [_thread_blocked, id=7732, stack(0x000000d546700000,0x000000d546800000) (1024K)]
  0x00000226df5415d0 JavaThread "Thread-612"                        [_thread_blocked, id=3800, stack(0x000000d546800000,0x000000d546900000) (1024K)]
  0x00000226df53e7e0 JavaThread "Thread-637"                        [_thread_blocked, id=9324, stack(0x000000d546500000,0x000000d546600000) (1024K)]
Total: 42

Other Threads:
  0x00000226800e3a40 VMThread "VM Thread"                           [id=7116, stack(0x000000d543000000,0x000000d543100000) (1024K)]
  0x000002269671cb00 WatcherThread "VM Periodic Task Thread"        [id=9688, stack(0x000000d542f00000,0x000000d543000000) (1024K)]
  0x00000226800644c0 WorkerThread "GC Thread#0"                     [id=1048, stack(0x000000d542e00000,0x000000d542f00000) (1024K)]
  0x00000226dc38c1f0 WorkerThread "GC Thread#1"                     [id=15568, stack(0x000000d543b00000,0x000000d543c00000) (1024K)]
Total: 4

Threads with active compile tasks:
Total: 0

VM state: not at safepoint (normal execution)

VM Mutex/Monitor currently owned by a thread: None

OutOfMemory and StackOverflow Exception counts:
OutOfMemoryError java_heap_errors=1
LinkageErrors=135

Heap address: 0x0000000080000000, size: 2048 MB, Compressed Oops mode: 32-bit

CDS archive(s) mapped at: [0x0000022697000000-0x0000022697ba0000-0x0000022697ba0000), size 12189696, SharedBaseAddress: 0x0000022697000000, ArchiveRelocationMode: 1.
Compressed class space mapped at: 0x0000022698000000-0x00000226d8000000, reserved size: 1073741824
Narrow klass base: 0x0000022697000000, Narrow klass shift: 0, Narrow klass range: 0x100000000

GC Precious Log:
 CardTable entry size: 512
 CPUs: 2 total, 2 available
 Memory: 3737M
 Large Page Support: Disabled
 NUMA Support: Disabled
 Compressed Oops: Enabled (32-bit)
 Alignments: Space 512K, Generation 512K, Heap 2M
 Heap Min Capacity: 100M
 Heap Initial Capacity: 100M
 Heap Max Capacity: 2G
 Pre-touch: Disabled
 Parallel Workers: 2

Heap:
 PSYoungGen      total 6144K, used 3274K [0x00000000d5580000, 0x00000000d5d00000, 0x0000000100000000)
  eden space 4608K, 41% used [0x00000000d5580000,0x00000000d575aa40,0x00000000d5a00000)
  from space 1536K, 89% used [0x00000000d5b80000,0x00000000d5cd80c0,0x00000000d5d00000)
  to   space 1536K, 0% used [0x00000000d5a00000,0x00000000d5a00000,0x00000000d5b80000)
 ParOldGen       total 1398272K, used 84791K [0x0000000080000000, 0x00000000d5580000, 0x00000000d5580000)
  object space 1398272K, 6% used [0x0000000080000000,0x00000000852cdf98,0x00000000d5580000)
 Metaspace       used 72765K, committed 73984K, reserved 1179648K
  class space    used 7615K, committed 8192K, reserved 1048576K

Card table byte_map: [0x00000226ff920000,0x00000226ffd30000] _byte_map_base: 0x00000226ff520000

Marking Bits: (ParMarkBitMap*) 0x00007ff98e9544a0
 Begin Bits: [0x0000022692240000, 0x0000022694240000)
 End Bits:   [0x0000022694240000, 0x0000022696240000)

Polling page: 0x00000226fdcf0000

Metaspace:

Usage:
  Non-class:     63.62 MB used.
      Class:      7.44 MB used.
       Both:     71.06 MB used.

Virtual space:
  Non-class space:      128.00 MB reserved,      64.25 MB ( 50%) committed,  2 nodes.
      Class space:        1.00 GB reserved,       8.00 MB ( <1%) committed,  1 nodes.
             Both:        1.12 GB reserved,      72.25 MB (  6%) committed. 

Chunk freelists:
   Non-Class:  15.76 MB
       Class:  7.91 MB
        Both:  23.66 MB

MaxMetaspaceSize: unlimited
CompressedClassSpaceSize: 1.00 GB
Initial GC threshold: 21.00 MB
Current GC threshold: 117.50 MB
CDS: on
 - commit_granule_bytes: 65536.
 - commit_granule_words: 8192.
 - virtual_space_node_default_size: 8388608.
 - enlarge_chunks_in_place: 1.
 - use_allocation_guard: 0.


Internal statistics:

num_allocs_failed_limit: 9.
num_arena_births: 1374.
num_arena_deaths: 362.
num_vsnodes_births: 3.
num_vsnodes_deaths: 0.
num_space_committed: 1156.
num_space_uncommitted: 0.
num_chunks_returned_to_freelist: 422.
num_chunks_taken_from_freelist: 4735.
num_chunk_merges: 105.
num_chunk_splits: 2769.
num_chunks_enlarged: 1609.
num_inconsistent_stats: 0.

CodeHeap 'non-profiled nmethods': size=120064Kb used=8874Kb max_used=10598Kb free=111189Kb
 bounds [0x000002268ad00000, 0x000002268b770000, 0x0000022692240000]
CodeHeap 'profiled nmethods': size=120000Kb used=24317Kb max_used=27573Kb free=95682Kb
 bounds [0x0000022683240000, 0x0000022684d30000, 0x000002268a770000]
CodeHeap 'non-nmethods': size=5696Kb used=1489Kb max_used=1552Kb free=4206Kb
 bounds [0x000002268a770000, 0x000002268a9e0000, 0x000002268ad00000]
CodeCache: size=245760Kb, used=34680Kb, max_used=39723Kb, free=211077Kb
 total_blobs=11613, nmethods=10800, adapters=719, full_count=0
Compilation: enabled, stopped_count=0, restarted_count=0

Compilation events (20 events):
Event: 1436.506 Thread 0x00000226967c7970 13404   !   3       java.util.concurrent.ScheduledThreadPoolExecutor$DelayedWorkQueue::take (203 bytes)
Event: 1436.611 Thread 0x00000226967c7970 nmethod 13404 0x0000022683632a90 code [0x0000022683632e60, 0x0000022683634700]
Event: 1437.641 Thread 0x00000226967c7970 13405       3       java.util.concurrent.ScheduledThreadPoolExecutor$DelayedWorkQueue::add (9 bytes)
Event: 1437.680 Thread 0x00000226967c7970 nmethod 13405 0x0000022683d2af10 code [0x0000022683d2b0e0, 0x0000022683d2b3b8]
Event: 1437.680 Thread 0x00000226967c7970 13406       3       java.util.concurrent.ScheduledThreadPoolExecutor$DelayedWorkQueue::add (6 bytes)
Event: 1437.681 Thread 0x00000226967c7970 nmethod 13406 0x0000022683d2ab10 code [0x0000022683d2acc0, 0x0000022683d2ae18]
Event: 1444.103 Thread 0x00000226967c7970 13407       3       java.util.concurrent.ThreadPoolExecutor::beforeExecute (1 bytes)
Event: 1444.103 Thread 0x00000226967c7970 nmethod 13407 0x0000022683a8c410 code [0x0000022683a8c5a0, 0x0000022683a8c6a8]
Event: 1467.650 Thread 0x00000226967c7970 13408       3       java.util.concurrent.ScheduledThreadPoolExecutor$ScheduledFutureTask::run (57 bytes)
Event: 1467.659 Thread 0x00000226967c7970 nmethod 13408 0x000002268442f990 code [0x000002268442fbc0, 0x0000022684430130]
Event: 1484.152 Thread 0x00000226967c7970 13409       1       org.eclipse.jdt.ls.core.internal.LanguageServerApplication::getParentProcessId (5 bytes)
Event: 1484.160 Thread 0x00000226967c7970 nmethod 13409 0x000002268ad38f10 code [0x000002268ad390a0, 0x000002268ad39168]
Event: 1514.786 Thread 0x000002269674faf0 13410       4       java.security.AccessController::doPrivileged (9 bytes)
Event: 1514.800 Thread 0x000002269674faf0 nmethod 13410 0x000002268b277a10 code [0x000002268b277ba0, 0x000002268b277c60]
Event: 1577.001 Thread 0x00000226967c7970 13411       3       java.util.concurrent.locks.AbstractQueuedSynchronizer$Node::setStatusRelaxed (12 bytes)
Event: 1577.011 Thread 0x00000226967c7970 nmethod 13411 0x00000226844e9b10 code [0x00000226844e9ca0, 0x00000226844e9db8]
Event: 1877.128 Thread 0x00000226967c7970 13412       1       com.sun.jna.internal.Cleaner::access$100 (5 bytes)
Event: 1877.148 Thread 0x00000226967c7970 nmethod 13412 0x000002268b277710 code [0x000002268b2778a0, 0x000002268b277950]
Event: 1917.779 Thread 0x00000226967c7970 13413       3       java.util.concurrent.ScheduledThreadPoolExecutor::triggerTime (22 bytes)
Event: 1917.791 Thread 0x00000226967c7970 nmethod 13413 0x0000022683d2a490 code [0x0000022683d2a640, 0x0000022683d2a820]

GC Heap History (20 events):
Event: 792.543 GC heap before
{Heap before GC invocations=860 (full 5):
 PSYoungGen      total 3584K, used 3120K [0x00000000d5580000, 0x00000000d5b80000, 0x0000000100000000)
  eden space 2560K, 100% used [0x00000000d5580000,0x00000000d5800000,0x00000000d5800000)
  from space 1024K, 54% used [0x00000000d5a80000,0x00000000d5b0c010,0x00000000d5b80000)
  to   space 1024K, 0% used [0x00000000d5980000,0x00000000d5980000,0x00000000d5a80000)
 ParOldGen       total 1398272K, used 84090K [0x0000000080000000, 0x00000000d5580000, 0x00000000d5580000)
  object space 1398272K, 6% used [0x0000000080000000,0x000000008521eb08,0x00000000d5580000)
 Metaspace       used 72409K, committed 73600K, reserved 1114112K
  class space    used 7589K, committed 8192K, reserved 1048576K
}
Event: 792.594 GC heap after
{Heap after GC invocations=860 (full 5):
 PSYoungGen      total 3584K, used 496K [0x00000000d5580000, 0x00000000d5b00000, 0x0000000100000000)
  eden space 3072K, 0% used [0x00000000d5580000,0x00000000d5580000,0x00000000d5880000)
  from space 512K, 96% used [0x00000000d5980000,0x00000000d59fc010,0x00000000d5a00000)
  to   space 1024K, 0% used [0x00000000d5a00000,0x00000000d5a00000,0x00000000d5b00000)
 ParOldGen       total 1398272K, used 84090K [0x0000000080000000, 0x00000000d5580000, 0x00000000d5580000)
  object space 1398272K, 6% used [0x0000000080000000,0x000000008521eb08,0x00000000d5580000)
 Metaspace       used 72409K, committed 73600K, reserved 1114112K
  class space    used 7589K, committed 8192K, reserved 1048576K
}
Event: 797.683 GC heap before
{Heap before GC invocations=861 (full 5):
 PSYoungGen      total 3584K, used 3567K [0x00000000d5580000, 0x00000000d5b00000, 0x0000000100000000)
  eden space 3072K, 99% used [0x00000000d5580000,0x00000000d587fe80,0x00000000d5880000)
  from space 512K, 96% used [0x00000000d5980000,0x00000000d59fc010,0x00000000d5a00000)
  to   space 1024K, 0% used [0x00000000d5a00000,0x00000000d5a00000,0x00000000d5b00000)
 ParOldGen       total 1398272K, used 84090K [0x0000000080000000, 0x00000000d5580000, 0x00000000d5580000)
  object space 1398272K, 6% used [0x0000000080000000,0x000000008521eb08,0x00000000d5580000)
 Metaspace       used 72442K, committed 73664K, reserved 1179648K
  class space    used 7591K, committed 8192K, reserved 1048576K
}
Event: 797.693 GC heap after
{Heap after GC invocations=861 (full 5):
 PSYoungGen      total 4096K, used 1008K [0x00000000d5580000, 0x00000000d5c00000, 0x0000000100000000)
  eden space 3072K, 0% used [0x00000000d5580000,0x00000000d5580000,0x00000000d5880000)
  from space 1024K, 98% used [0x00000000d5a00000,0x00000000d5afc070,0x00000000d5b00000)
  to   space 1536K, 0% used [0x00000000d5880000,0x00000000d5880000,0x00000000d5a00000)
 ParOldGen       total 1398272K, used 84090K [0x0000000080000000, 0x00000000d5580000, 0x00000000d5580000)
  object space 1398272K, 6% used [0x0000000080000000,0x000000008521eb08,0x00000000d5580000)
 Metaspace       used 72442K, committed 73664K, reserved 1179648K
  class space    used 7591K, committed 8192K, reserved 1048576K
}
Event: 800.244 GC heap before
{Heap before GC invocations=862 (full 5):
 PSYoungGen      total 4096K, used 4080K [0x00000000d5580000, 0x00000000d5c00000, 0x0000000100000000)
  eden space 3072K, 100% used [0x00000000d5580000,0x00000000d5880000,0x00000000d5880000)
  from space 1024K, 98% used [0x00000000d5a00000,0x00000000d5afc070,0x00000000d5b00000)
  to   space 1536K, 0% used [0x00000000d5880000,0x00000000d5880000,0x00000000d5a00000)
 ParOldGen       total 1398272K, used 84090K [0x0000000080000000, 0x00000000d5580000, 0x00000000d5580000)
  object space 1398272K, 6% used [0x0000000080000000,0x000000008521eb08,0x00000000d5580000)
 Metaspace       used 72475K, committed 73792K, reserved 1179648K
  class space    used 7592K, committed 8192K, reserved 1048576K
}
Event: 800.249 GC heap after
{Heap after GC invocations=862 (full 5):
 PSYoungGen      total 4608K, used 928K [0x00000000d5580000, 0x00000000d5b00000, 0x0000000100000000)
  eden space 3072K, 0% used [0x00000000d5580000,0x00000000d5580000,0x00000000d5880000)
  from space 1536K, 60% used [0x00000000d5880000,0x00000000d5968080,0x00000000d5a00000)
  to   space 1024K, 0% used [0x00000000d5a00000,0x00000000d5a00000,0x00000000d5b00000)
 ParOldGen       total 1398272K, used 84090K [0x0000000080000000, 0x00000000d5580000, 0x00000000d5580000)
  object space 1398272K, 6% used [0x0000000080000000,0x000000008521eb08,0x00000000d5580000)
 Metaspace       used 72475K, committed 73792K, reserved 1179648K
  class space    used 7592K, committed 8192K, reserved 1048576K
}
Event: 801.872 GC heap before
{Heap before GC invocations=863 (full 5):
 PSYoungGen      total 4608K, used 4000K [0x00000000d5580000, 0x00000000d5b00000, 0x0000000100000000)
  eden space 3072K, 99% used [0x00000000d5580000,0x00000000d587fff8,0x00000000d5880000)
  from space 1536K, 60% used [0x00000000d5880000,0x00000000d5968080,0x00000000d5a00000)
  to   space 1024K, 0% used [0x00000000d5a00000,0x00000000d5a00000,0x00000000d5b00000)
 ParOldGen       total 1398272K, used 84090K [0x0000000080000000, 0x00000000d5580000, 0x00000000d5580000)
  object space 1398272K, 6% used [0x0000000080000000,0x000000008521eb08,0x00000000d5580000)
 Metaspace       used 72502K, committed 73792K, reserved 1179648K
  class space    used 7592K, committed 8192K, reserved 1048576K
}
Event: 801.879 GC heap after
{Heap after GC invocations=863 (full 5):
 PSYoungGen      total 4096K, used 1008K [0x00000000d5580000, 0x00000000d5c00000, 0x0000000100000000)
  eden space 3072K, 0% used [0x00000000d5580000,0x00000000d5580000,0x00000000d5880000)
  from space 1024K, 98% used [0x00000000d5a00000,0x00000000d5afc090,0x00000000d5b00000)
  to   space 1536K, 0% used [0x00000000d5880000,0x00000000d5880000,0x00000000d5a00000)
 ParOldGen       total 1398272K, used 84527K [0x0000000080000000, 0x00000000d5580000, 0x00000000d5580000)
  object space 1398272K, 6% used [0x0000000080000000,0x000000008528bf98,0x00000000d5580000)
 Metaspace       used 72502K, committed 73792K, reserved 1179648K
  class space    used 7592K, committed 8192K, reserved 1048576K
}
Event: 833.930 GC heap before
{Heap before GC invocations=864 (full 5):
 PSYoungGen      total 4096K, used 4080K [0x00000000d5580000, 0x00000000d5c00000, 0x0000000100000000)
  eden space 3072K, 100% used [0x00000000d5580000,0x00000000d5880000,0x00000000d5880000)
  from space 1024K, 98% used [0x00000000d5a00000,0x00000000d5afc090,0x00000000d5b00000)
  to   space 1536K, 0% used [0x00000000d5880000,0x00000000d5880000,0x00000000d5a00000)
 ParOldGen       total 1398272K, used 84527K [0x0000000080000000, 0x00000000d5580000, 0x00000000d5580000)
  object space 1398272K, 6% used [0x0000000080000000,0x000000008528bf98,0x00000000d5580000)
 Metaspace       used 72525K, committed 73792K, reserved 1179648K
  class space    used 7592K, committed 8192K, reserved 1048576K
}
Event: 833.966 GC heap after
{Heap after GC invocations=864 (full 5):
 PSYoungGen      total 4608K, used 1440K [0x00000000d5580000, 0x00000000d5c00000, 0x0000000100000000)
  eden space 3072K, 0% used [0x00000000d5580000,0x00000000d5580000,0x00000000d5880000)
  from space 1536K, 93% used [0x00000000d5880000,0x00000000d59e80a0,0x00000000d5a00000)
  to   space 1536K, 0% used [0x00000000d5a80000,0x00000000d5a80000,0x00000000d5c00000)
 ParOldGen       total 1398272K, used 84583K [0x0000000080000000, 0x00000000d5580000, 0x00000000d5580000)
  object space 1398272K, 6% used [0x0000000080000000,0x0000000085299f98,0x00000000d5580000)
 Metaspace       used 72525K, committed 73792K, reserved 1179648K
  class space    used 7592K, committed 8192K, reserved 1048576K
}
Event: 835.003 GC heap before
{Heap before GC invocations=865 (full 5):
 PSYoungGen      total 4608K, used 4512K [0x00000000d5580000, 0x00000000d5c00000, 0x0000000100000000)
  eden space 3072K, 100% used [0x00000000d5580000,0x00000000d5880000,0x00000000d5880000)
  from space 1536K, 93% used [0x00000000d5880000,0x00000000d59e80a0,0x00000000d5a00000)
  to   space 1536K, 0% used [0x00000000d5a80000,0x00000000d5a80000,0x00000000d5c00000)
 ParOldGen       total 1398272K, used 84583K [0x0000000080000000, 0x00000000d5580000, 0x00000000d5580000)
  object space 1398272K, 6% used [0x0000000080000000,0x0000000085299f98,0x00000000d5580000)
 Metaspace       used 72540K, committed 73792K, reserved 1179648K
  class space    used 7592K, committed 8192K, reserved 1048576K
}
Event: 835.006 GC heap after
{Heap after GC invocations=865 (full 5):
 PSYoungGen      total 4608K, used 688K [0x00000000d5580000, 0x00000000d5b80000, 0x0000000100000000)
  eden space 3584K, 0% used [0x00000000d5580000,0x00000000d5580000,0x00000000d5900000)
  from space 1024K, 67% used [0x00000000d5a80000,0x00000000d5b2c090,0x00000000d5b80000)
  to   space 1024K, 0% used [0x00000000d5980000,0x00000000d5980000,0x00000000d5a80000)
 ParOldGen       total 1398272K, used 84591K [0x0000000080000000, 0x00000000d5580000, 0x00000000d5580000)
  object space 1398272K, 6% used [0x0000000080000000,0x000000008529bf98,0x00000000d5580000)
 Metaspace       used 72540K, committed 73792K, reserved 1179648K
  class space    used 7592K, committed 8192K, reserved 1048576K
}
Event: 836.137 GC heap before
{Heap before GC invocations=866 (full 5):
 PSYoungGen      total 4608K, used 4272K [0x00000000d5580000, 0x00000000d5b80000, 0x0000000100000000)
  eden space 3584K, 100% used [0x00000000d5580000,0x00000000d5900000,0x00000000d5900000)
  from space 1024K, 67% used [0x00000000d5a80000,0x00000000d5b2c090,0x00000000d5b80000)
  to   space 1024K, 0% used [0x00000000d5980000,0x00000000d5980000,0x00000000d5a80000)
 ParOldGen       total 1398272K, used 84591K [0x0000000080000000, 0x00000000d5580000, 0x00000000d5580000)
  object space 1398272K, 6% used [0x0000000080000000,0x000000008529bf98,0x00000000d5580000)
 Metaspace       used 72559K, committed 73856K, reserved 1179648K
  class space    used 7592K, committed 8192K, reserved 1048576K
}
Event: 836.146 GC heap after
{Heap after GC invocations=866 (full 5):
 PSYoungGen      total 5120K, used 752K [0x00000000d5580000, 0x00000000d5b80000, 0x0000000100000000)
  eden space 4096K, 0% used [0x00000000d5580000,0x00000000d5580000,0x00000000d5980000)
  from space 1024K, 73% used [0x00000000d5980000,0x00000000d5a3c090,0x00000000d5a80000)
  to   space 1024K, 0% used [0x00000000d5a80000,0x00000000d5a80000,0x00000000d5b80000)
 ParOldGen       total 1398272K, used 84591K [0x0000000080000000, 0x00000000d5580000, 0x00000000d5580000)
  object space 1398272K, 6% used [0x0000000080000000,0x000000008529bf98,0x00000000d5580000)
 Metaspace       used 72559K, committed 73856K, reserved 1179648K
  class space    used 7592K, committed 8192K, reserved 1048576K
}
Event: 836.693 GC heap before
{Heap before GC invocations=867 (full 5):
 PSYoungGen      total 5120K, used 4848K [0x00000000d5580000, 0x00000000d5b80000, 0x0000000100000000)
  eden space 4096K, 100% used [0x00000000d5580000,0x00000000d5980000,0x00000000d5980000)
  from space 1024K, 73% used [0x00000000d5980000,0x00000000d5a3c090,0x00000000d5a80000)
  to   space 1024K, 0% used [0x00000000d5a80000,0x00000000d5a80000,0x00000000d5b80000)
 ParOldGen       total 1398272K, used 84591K [0x0000000080000000, 0x00000000d5580000, 0x00000000d5580000)
  object space 1398272K, 6% used [0x0000000080000000,0x000000008529bf98,0x00000000d5580000)
 Metaspace       used 72580K, committed 73856K, reserved 1179648K
  class space    used 7592K, committed 8192K, reserved 1048576K
}
Event: 836.701 GC heap after
{Heap after GC invocations=867 (full 5):
 PSYoungGen      total 5120K, used 768K [0x00000000d5580000, 0x00000000d5c00000, 0x0000000100000000)
  eden space 4096K, 0% used [0x00000000d5580000,0x00000000d5580000,0x00000000d5980000)
  from space 1024K, 75% used [0x00000000d5a80000,0x00000000d5b40080,0x00000000d5b80000)
  to   space 1024K, 0% used [0x00000000d5980000,0x00000000d5980000,0x00000000d5a80000)
 ParOldGen       total 1398272K, used 84591K [0x0000000080000000, 0x00000000d5580000, 0x00000000d5580000)
  object space 1398272K, 6% used [0x0000000080000000,0x000000008529bf98,0x00000000d5580000)
 Metaspace       used 72580K, committed 73856K, reserved 1179648K
  class space    used 7592K, committed 8192K, reserved 1048576K
}
Event: 837.191 GC heap before
{Heap before GC invocations=868 (full 5):
 PSYoungGen      total 5120K, used 4864K [0x00000000d5580000, 0x00000000d5c00000, 0x0000000100000000)
  eden space 4096K, 100% used [0x00000000d5580000,0x00000000d5980000,0x00000000d5980000)
  from space 1024K, 75% used [0x00000000d5a80000,0x00000000d5b40080,0x00000000d5b80000)
  to   space 1024K, 0% used [0x00000000d5980000,0x00000000d5980000,0x00000000d5a80000)
 ParOldGen       total 1398272K, used 84591K [0x0000000080000000, 0x00000000d5580000, 0x00000000d5580000)
  object space 1398272K, 6% used [0x0000000080000000,0x000000008529bf98,0x00000000d5580000)
 Metaspace       used 72608K, committed 73856K, reserved 1179648K
  class space    used 7594K, committed 8192K, reserved 1048576K
}
Event: 837.198 GC heap after
{Heap after GC invocations=868 (full 5):
 PSYoungGen      total 5120K, used 1008K [0x00000000d5580000, 0x00000000d5d00000, 0x0000000100000000)
  eden space 4096K, 0% used [0x00000000d5580000,0x00000000d5580000,0x00000000d5980000)
  from space 1024K, 98% used [0x00000000d5980000,0x00000000d5a7c0b0,0x00000000d5a80000)
  to   space 1536K, 0% used [0x00000000d5b80000,0x00000000d5b80000,0x00000000d5d00000)
 ParOldGen       total 1398272K, used 84767K [0x0000000080000000, 0x00000000d5580000, 0x00000000d5580000)
  object space 1398272K, 6% used [0x0000000080000000,0x00000000852c7f98,0x00000000d5580000)
 Metaspace       used 72608K, committed 73856K, reserved 1179648K
  class space    used 7594K, committed 8192K, reserved 1048576K
}
Event: 840.127 GC heap before
{Heap before GC invocations=869 (full 5):
 PSYoungGen      total 5120K, used 5104K [0x00000000d5580000, 0x00000000d5d00000, 0x0000000100000000)
  eden space 4096K, 100% used [0x00000000d5580000,0x00000000d5980000,0x00000000d5980000)
  from space 1024K, 98% used [0x00000000d5980000,0x00000000d5a7c0b0,0x00000000d5a80000)
  to   space 1536K, 0% used [0x00000000d5b80000,0x00000000d5b80000,0x00000000d5d00000)
 ParOldGen       total 1398272K, used 84767K [0x0000000080000000, 0x00000000d5580000, 0x00000000d5580000)
  object space 1398272K, 6% used [0x0000000080000000,0x00000000852c7f98,0x00000000d5580000)
 Metaspace       used 72711K, committed 73920K, reserved 1179648K
  class space    used 7612K, committed 8192K, reserved 1048576K
}
Event: 840.134 GC heap after
{Heap after GC invocations=869 (full 5):
 PSYoungGen      total 6144K, used 1376K [0x00000000d5580000, 0x00000000d5d00000, 0x0000000100000000)
  eden space 4608K, 0% used [0x00000000d5580000,0x00000000d5580000,0x00000000d5a00000)
  from space 1536K, 89% used [0x00000000d5b80000,0x00000000d5cd80c0,0x00000000d5d00000)
  to   space 1536K, 0% used [0x00000000d5a00000,0x00000000d5a00000,0x00000000d5b80000)
 ParOldGen       total 1398272K, used 84791K [0x0000000080000000, 0x00000000d5580000, 0x00000000d5580000)
  object space 1398272K, 6% used [0x0000000080000000,0x00000000852cdf98,0x00000000d5580000)
 Metaspace       used 72711K, committed 73920K, reserved 1179648K
  class space    used 7612K, committed 8192K, reserved 1048576K
}

Dll operation events (20 events):
Event: 5.796 Attempting to load shared library C:\Users\LENOVO\.vscode\extensions\redhat.java-1.56.0-win32-x64\jre\21.0.12.1-win32-x86_64\bin\nio.dll
Event: 5.804 Loaded shared library C:\Users\LENOVO\.vscode\extensions\redhat.java-1.56.0-win32-x64\jre\21.0.12.1-win32-x86_64\bin\nio.dll
Event: 5.821 Attempting to load shared library C:\Users\LENOVO\.vscode\extensions\redhat.java-1.56.0-win32-x64\jre\21.0.12.1-win32-x86_64\bin\zip.dll
Event: 5.821 Loaded shared library C:\Users\LENOVO\.vscode\extensions\redhat.java-1.56.0-win32-x64\jre\21.0.12.1-win32-x86_64\bin\zip.dll
Event: 6.650 Attempting to load shared library C:\Users\LENOVO\.vscode\extensions\redhat.java-1.56.0-win32-x64\jre\21.0.12.1-win32-x86_64\bin\jimage.dll
Event: 6.650 Loaded shared library C:\Users\LENOVO\.vscode\extensions\redhat.java-1.56.0-win32-x64\jre\21.0.12.1-win32-x86_64\bin\jimage.dll
Event: 9.900 Attempting to load shared library c:\Users\LENOVO\.vscode\extensions\redhat.java-1.56.0-win32-x64\jre\21.0.12.1-win32-x86_64\bin\verify.dll
Event: 9.988 Loaded shared library c:\Users\LENOVO\.vscode\extensions\redhat.java-1.56.0-win32-x64\jre\21.0.12.1-win32-x86_64\bin\verify.dll
Event: 51.490 Attempting to load shared library C:\Users\LENOVO\AppData\Roaming\Code\User\globalStorage\redhat.java\1.56.0\config_win\org.eclipse.equinox.launcher\org.eclipse.equinox.launcher.win32.win32.x86_64_1.3.100.v20260804-1928\eclipse_11924.dll
Event: 51.495 Loaded shared library C:\Users\LENOVO\AppData\Roaming\Code\User\globalStorage\redhat.java\1.56.0\config_win\org.eclipse.equinox.launcher\org.eclipse.equinox.launcher.win32.win32.x86_64_1.3.100.v20260804-1928\eclipse_11924.dll
Event: 85.579 Attempting to load shared library C:\Users\LENOVO\.vscode\extensions\redhat.java-1.56.0-win32-x64\jre\21.0.12.1-win32-x86_64\bin\management.dll
Event: 85.580 Loaded shared library C:\Users\LENOVO\.vscode\extensions\redhat.java-1.56.0-win32-x64\jre\21.0.12.1-win32-x86_64\bin\management.dll
Event: 85.587 Attempting to load shared library C:\Users\LENOVO\.vscode\extensions\redhat.java-1.56.0-win32-x64\jre\21.0.12.1-win32-x86_64\bin\management_ext.dll
Event: 85.588 Loaded shared library C:\Users\LENOVO\.vscode\extensions\redhat.java-1.56.0-win32-x64\jre\21.0.12.1-win32-x86_64\bin\management_ext.dll
Event: 160.072 Attempting to load shared library C:\Users\LENOVO\AppData\Local\Temp\jna--2053026509\jna4318418517501785596.dll
Event: 163.178 Loaded shared library C:\Users\LENOVO\AppData\Local\Temp\jna--2053026509\jna4318418517501785596.dll
Event: 171.248 Attempting to load shared library C:\Users\LENOVO\.vscode\extensions\redhat.java-1.56.0-win32-x64\jre\21.0.12.1-win32-x86_64\bin\sunmscapi.dll
Event: 171.258 Loaded shared library C:\Users\LENOVO\.vscode\extensions\redhat.java-1.56.0-win32-x64\jre\21.0.12.1-win32-x86_64\bin\sunmscapi.dll
Event: 172.374 Attempting to load shared library C:\Users\LENOVO\.vscode\extensions\redhat.java-1.56.0-win32-x64\jre\21.0.12.1-win32-x86_64\bin\extnet.dll
Event: 172.458 Loaded shared library C:\Users\LENOVO\.vscode\extensions\redhat.java-1.56.0-win32-x64\jre\21.0.12.1-win32-x86_64\bin\extnet.dll

Deoptimization events (20 events):
Event: 839.484 Thread 0x00000226de144680 Uncommon trap: trap_request=0xffffffc6 fr.pc=0x000002268b709ef0 relative=0x0000000000000410
Event: 839.484 Thread 0x00000226de144680 Uncommon trap: reason=bimorphic_or_optimized_type_check action=maybe_recompile pc=0x000002268b709ef0 method=java.io.DataOutputStream.writeByte(I)V @ 5 c2
Event: 839.484 Thread 0x00000226de144680 DEOPT PACKING pc=0x000002268b709ef0 sp=0x000000d5444fea50
Event: 839.484 Thread 0x00000226de144680 DEOPT UNPACKING pc=0x000002268a7c3a9c sp=0x000000d5444fea08 mode 2
Event: 839.488 Thread 0x00000226de144680 Uncommon trap: trap_request=0xffffffc6 fr.pc=0x000002268af0c9e0 relative=0x0000000000000fc0
Event: 839.488 Thread 0x00000226de144680 Uncommon trap: reason=bimorphic_or_optimized_type_check action=maybe_recompile pc=0x000002268af0c9e0 method=java.io.DataOutputStream.write([BII)V @ 7 c2
Event: 839.488 Thread 0x00000226de144680 DEOPT PACKING pc=0x000002268af0c9e0 sp=0x000000d5444fe780
Event: 839.488 Thread 0x00000226de144680 DEOPT UNPACKING pc=0x000002268a7c3a9c sp=0x000000d5444fe6b0 mode 2
Event: 839.559 Thread 0x00000226de144680 Uncommon trap: trap_request=0xffffff45 fr.pc=0x000002268b6fef2c relative=0x00000000000005ec
Event: 839.559 Thread 0x00000226de144680 Uncommon trap: reason=unstable_if action=reinterpret pc=0x000002268b6fef2c method=java.util.ImmutableCollections$AbstractImmutableList.equals(Ljava/lang/Object;)Z @ 2 c2
Event: 839.559 Thread 0x00000226de144680 DEOPT PACKING pc=0x000002268b6fef2c sp=0x000000d5444fe620
Event: 839.559 Thread 0x00000226de144680 DEOPT UNPACKING pc=0x000002268a7c3a9c sp=0x000000d5444fe5c0 mode 2
Event: 840.044 Thread 0x00000226df53c710 DEOPT PACKING pc=0x00000226846ecb3a sp=0x000000d545efe510
Event: 840.045 Thread 0x00000226df53c710 DEOPT UNPACKING pc=0x000002268a7c4223 sp=0x000000d545efda28 mode 0
Event: 840.152 Thread 0x00000226df53c710 DEOPT PACKING pc=0x00000226844f6f65 sp=0x000000d545efdb40
Event: 840.152 Thread 0x00000226df53c710 DEOPT UNPACKING pc=0x000002268a7c4223 sp=0x000000d545efcff8 mode 0
Event: 840.220 Thread 0x00000226df53c080 Uncommon trap: trap_request=0xffffffde fr.pc=0x000002268b628460 relative=0x0000000000000280
Event: 840.220 Thread 0x00000226df53c080 Uncommon trap: reason=class_check action=maybe_recompile pc=0x000002268b628460 method=java.util.stream.Nodes.flatten(Ljava/util/stream/Node;Ljava/util/function/IntFunction;)Ljava/util/stream/Node; @ 37 c2
Event: 840.220 Thread 0x00000226df53c080 DEOPT PACKING pc=0x000002268b628460 sp=0x000000d5445feab0
Event: 840.220 Thread 0x00000226df53c080 DEOPT UNPACKING pc=0x000002268a7c3a9c sp=0x000000d5445fea30 mode 2

Classes loaded (20 events):
Event: 665.035 Loading class java/lang/Throwable$WrappedPrintWriter
Event: 665.036 Loading class java/lang/Throwable$PrintStreamOrWriter
Event: 665.041 Loading class java/lang/Throwable$PrintStreamOrWriter done
Event: 665.041 Loading class java/lang/Throwable$WrappedPrintWriter done
Event: 671.908 Loading class java/util/stream/DistinctOps
Event: 671.909 Loading class java/util/stream/DistinctOps done
Event: 671.909 Loading class java/util/stream/DistinctOps$1
Event: 671.910 Loading class java/util/stream/DistinctOps$1 done
Event: 671.915 Loading class java/util/stream/DistinctOps$1$2
Event: 671.916 Loading class java/util/stream/DistinctOps$1$2 done
Event: 786.020 Loading class java/lang/Throwable$WrappedPrintStream
Event: 786.027 Loading class java/lang/Throwable$WrappedPrintStream done
Event: 838.573 Loading class java/util/concurrent/ConcurrentHashMap$EntrySpliterator
Event: 838.577 Loading class java/util/concurrent/ConcurrentHashMap$EntrySpliterator done
Event: 839.151 Loading class java/util/zip/Deflater
Event: 839.177 Loading class java/util/zip/Deflater done
Event: 839.182 Loading class java/util/zip/Deflater$DeflaterZStreamRef
Event: 839.185 Loading class java/util/zip/Deflater$DeflaterZStreamRef done
Event: 839.534 Loading class java/util/Collections$EmptyListIterator
Event: 839.536 Loading class java/util/Collections$EmptyListIterator done

Classes unloaded (20 events):
Event: 663.080 Thread 0x00000226800e3a40 Unloading class 0x000002269800d800 'java/lang/invoke/LambdaForm$MH+0x000002269800d800'
Event: 663.080 Thread 0x00000226800e3a40 Unloading class 0x000002269800d400 'java/lang/invoke/LambdaForm$MH+0x000002269800d400'
Event: 663.080 Thread 0x00000226800e3a40 Unloading class 0x000002269800d000 'java/lang/invoke/LambdaForm$MH+0x000002269800d000'
Event: 663.080 Thread 0x00000226800e3a40 Unloading class 0x000002269800cc00 'java/lang/invoke/LambdaForm$MH+0x000002269800cc00'
Event: 663.080 Thread 0x00000226800e3a40 Unloading class 0x000002269800c800 'java/lang/invoke/LambdaForm$BMH+0x000002269800c800'
Event: 663.080 Thread 0x00000226800e3a40 Unloading class 0x000002269800c000 'java/lang/invoke/LambdaForm$DMH+0x000002269800c000'
Event: 663.080 Thread 0x00000226800e3a40 Unloading class 0x0000022698008c00 'java/lang/invoke/LambdaForm$MH+0x0000022698008c00'
Event: 663.080 Thread 0x00000226800e3a40 Unloading class 0x0000022698008800 'java/lang/invoke/LambdaForm$MH+0x0000022698008800'
Event: 663.080 Thread 0x00000226800e3a40 Unloading class 0x0000022698008400 'java/lang/invoke/LambdaForm$MH+0x0000022698008400'
Event: 663.080 Thread 0x00000226800e3a40 Unloading class 0x0000022698007000 'java/lang/invoke/LambdaForm$MH+0x0000022698007000'
Event: 663.080 Thread 0x00000226800e3a40 Unloading class 0x0000022698006800 'java/lang/invoke/LambdaForm$MH+0x0000022698006800'
Event: 663.080 Thread 0x00000226800e3a40 Unloading class 0x0000022698006400 'java/lang/invoke/LambdaForm$MH+0x0000022698006400'
Event: 663.080 Thread 0x00000226800e3a40 Unloading class 0x0000022698006000 'java/lang/invoke/LambdaForm$MH+0x0000022698006000'
Event: 663.080 Thread 0x00000226800e3a40 Unloading class 0x0000022698005c00 'java/lang/invoke/LambdaForm$BMH+0x0000022698005c00'
Event: 663.081 Thread 0x00000226800e3a40 Unloading class 0x0000022698004800 'java/lang/invoke/LambdaForm$DMH+0x0000022698004800'
Event: 663.081 Thread 0x00000226800e3a40 Unloading class 0x0000022698002800 'java/lang/invoke/LambdaForm$MH+0x0000022698002800'
Event: 663.081 Thread 0x00000226800e3a40 Unloading class 0x0000022698002400 'java/lang/invoke/LambdaForm$MH+0x0000022698002400'
Event: 663.081 Thread 0x00000226800e3a40 Unloading class 0x0000022698002000 'java/lang/invoke/LambdaForm$MH+0x0000022698002000'
Event: 663.081 Thread 0x00000226800e3a40 Unloading class 0x0000022698001800 'java/lang/invoke/LambdaForm$MH+0x0000022698001800'
Event: 663.081 Thread 0x00000226800e3a40 Unloading class 0x0000022698000400 'java/lang/invoke/LambdaForm$MH+0x0000022698000400'

Classes redefined (0 events):
No events

Internal exceptions (20 events):
Event: 722.964 Thread 0x00000226dc50a850 Exception <a 'java/io/FileNotFoundException'{0x00000000d5a6aaa8}> (0x00000000d5a6aaa8) 
thrown [s\src\hotspot\share\prims\jni.cpp, line 520]
Event: 725.362 Thread 0x00000226dd83fd10 Exception <a 'java/lang/ArrayIndexOutOfBoundsException'{0x00000000d56f2e48}> (0x00000000d56f2e48) 
thrown [s\src\hotspot\share\runtime\sharedRuntime.cpp, line 625]
Event: 725.373 Thread 0x00000226dd83fd10 Exception <a 'java/lang/ArrayIndexOutOfBoundsException'{0x00000000d576e0c0}> (0x00000000d576e0c0) 
thrown [s\src\hotspot\share\runtime\sharedRuntime.cpp, line 625]
Event: 725.386 Thread 0x00000226dd83fd10 Exception <a 'java/lang/ArrayIndexOutOfBoundsException'{0x00000000d57709a0}> (0x00000000d57709a0) 
thrown [s\src\hotspot\share\runtime\sharedRuntime.cpp, line 625]
Event: 725.387 Thread 0x00000226dd83fd10 Exception <a 'java/lang/ArrayIndexOutOfBoundsException'{0x00000000d5770f78}> (0x00000000d5770f78) 
thrown [s\src\hotspot\share\runtime\sharedRuntime.cpp, line 625]
Event: 725.398 Thread 0x00000226dc50a850 Exception <a 'java/io/FileNotFoundException'{0x00000000d57ad468}> (0x00000000d57ad468) 
thrown [s\src\hotspot\share\prims\jni.cpp, line 520]
Event: 729.664 Thread 0x00000226dd83fd10 Exception <a 'java/lang/ArrayIndexOutOfBoundsException'{0x00000000d57de730}> (0x00000000d57de730) 
thrown [s\src\hotspot\share\runtime\sharedRuntime.cpp, line 625]
Event: 729.669 Thread 0x00000226dd83fd10 Exception <a 'java/lang/ArrayIndexOutOfBoundsException'{0x00000000d585afd8}> (0x00000000d585afd8) 
thrown [s\src\hotspot\share\runtime\sharedRuntime.cpp, line 625]
Event: 729.669 Thread 0x00000226dd83fd10 Exception <a 'java/lang/ArrayIndexOutOfBoundsException'{0x00000000d585d8b8}> (0x00000000d585d8b8) 
thrown [s\src\hotspot\share\runtime\sharedRuntime.cpp, line 625]
Event: 729.669 Thread 0x00000226dd83fd10 Exception <a 'java/lang/ArrayIndexOutOfBoundsException'{0x00000000d585de90}> (0x00000000d585de90) 
thrown [s\src\hotspot\share\runtime\sharedRuntime.cpp, line 625]
Event: 729.878 Thread 0x00000226dc50a850 Exception <a 'java/io/FileNotFoundException'{0x00000000d55a23e0}> (0x00000000d55a23e0) 
thrown [s\src\hotspot\share\prims\jni.cpp, line 520]
Event: 793.189 Thread 0x00000226df53c710 Exception <a 'sun/nio/fs/WindowsException'{0x00000000d56a7aa8}> (0x00000000d56a7aa8) 
thrown [s\src\hotspot\share\prims\jni.cpp, line 520]
Event: 793.442 Thread 0x00000226df53c710 Exception <a 'sun/nio/fs/WindowsException'{0x00000000d56d7940}> (0x00000000d56d7940) 
thrown [s\src\hotspot\share\prims\jni.cpp, line 520]
Event: 793.464 Thread 0x00000226de1453a0 Exception <a 'sun/nio/fs/WindowsException'{0x00000000d571cd28}> (0x00000000d571cd28) 
thrown [s\src\hotspot\share\prims\jni.cpp, line 520]
Event: 830.439 Thread 0x00000226de1453a0 Exception <a 'java/io/FileNotFoundException'{0x00000000d560c9a8}> (0x00000000d560c9a8) 
thrown [s\src\hotspot\share\prims\jni.cpp, line 520]
Event: 833.269 Thread 0x00000226de1453a0 Exception <a 'java/io/FileNotFoundException'{0x00000000d56dc7c8}> (0x00000000d56dc7c8) 
thrown [s\src\hotspot\share\prims\jni.cpp, line 520]
Event: 834.016 Thread 0x00000226de1453a0 Exception <a 'java/io/FileNotFoundException'{0x00000000d56d0a08}> (0x00000000d56d0a08) 
thrown [s\src\hotspot\share\prims\jni.cpp, line 520]
Event: 838.625 Thread 0x00000226de1453a0 Exception <a 'java/io/FileNotFoundException'{0x00000000d57d7228}> (0x00000000d57d7228) 
thrown [s\src\hotspot\share\prims\jni.cpp, line 520]
Event: 838.627 Thread 0x00000226de1453a0 Exception <a 'java/io/FileNotFoundException'{0x00000000d57eb830}> (0x00000000d57eb830) 
thrown [s\src\hotspot\share\prims\jni.cpp, line 520]
Event: 839.971 Thread 0x00000226de144680 Exception <a 'java/lang/NoSuchMethodError'{0x00000000d58b40e8}: 'java.lang.Object java.lang.invoke.DirectMethodHandle$Holder.newInvokeSpecial(java.lang.Object, java.lang.Object, java.lang.Object, java.lang.Object, java.lang.Object, java.lang.Object, java.lang.Object, java.lang.Object, java.lang.Object, java.lang.Object)'> (0x00000000d58b40e8) 
thrown [s\src\hotspot\share\interpreter\linkResolver.cpp, line 773]

ZGC Phase Switch (0 events):
No events

VM Operations (20 events):
Event: 837.113 Executing safepoint VM operation: ParallelGCFailedAllocation (Allocation Failure)
Event: 837.198 Executing safepoint VM operation: ParallelGCFailedAllocation (Allocation Failure) done
Event: 838.198 Executing safepoint VM operation: Cleanup
Event: 838.199 Executing safepoint VM operation: Cleanup done
Event: 839.199 Executing safepoint VM operation: Cleanup
Event: 839.199 Executing safepoint VM operation: Cleanup done
Event: 840.046 Executing safepoint VM operation: ParallelGCFailedAllocation (Allocation Failure)
Event: 840.134 Executing safepoint VM operation: ParallelGCFailedAllocation (Allocation Failure) done
Event: 841.180 Executing safepoint VM operation: Cleanup
Event: 841.180 Executing safepoint VM operation: Cleanup done
Event: 844.629 Executing non-safepoint VM operation: HandshakeAllThreads (HandshakeForDeflation)
Event: 844.629 Executing non-safepoint VM operation: HandshakeAllThreads (HandshakeForDeflation) done
Event: 844.629 Executing non-safepoint VM operation: RendezvousGCThreads
Event: 844.629 Executing non-safepoint VM operation: RendezvousGCThreads done
Event: 1294.282 Executing safepoint VM operation: Cleanup
Event: 1294.286 Executing safepoint VM operation: Cleanup done
Event: 1300.296 Executing safepoint VM operation: Cleanup
Event: 1300.312 Executing safepoint VM operation: Cleanup done
Event: 1547.035 Executing safepoint VM operation: Cleanup
Event: 1547.038 Executing safepoint VM operation: Cleanup done

Memory protections (0 events):
No events

Nmethod flushes (20 events):
Event: 663.251 Thread 0x00000226800e3a40 flushing  nmethod 0x0000022684cf8e90
Event: 663.251 Thread 0x00000226800e3a40 flushing  nmethod 0x0000022684cf9490
Event: 663.251 Thread 0x00000226800e3a40 flushing  nmethod 0x0000022684cf9d10
Event: 663.251 Thread 0x00000226800e3a40 flushing  nmethod 0x0000022684cfa910
Event: 663.251 Thread 0x00000226800e3a40 flushing osr nmethod 0x0000022684cfc510
Event: 663.251 Thread 0x00000226800e3a40 flushing osr nmethod 0x0000022684cfe490
Event: 663.251 Thread 0x00000226800e3a40 flushing  nmethod 0x0000022684d00410
Event: 663.251 Thread 0x00000226800e3a40 flushing  nmethod 0x0000022684d12e90
Event: 663.251 Thread 0x00000226800e3a40 flushing  nmethod 0x0000022684d14590
Event: 663.251 Thread 0x00000226800e3a40 flushing  nmethod 0x0000022684d15910
Event: 663.251 Thread 0x00000226800e3a40 flushing  nmethod 0x0000022684d16490
Event: 663.251 Thread 0x00000226800e3a40 flushing  nmethod 0x0000022684d1be10
Event: 663.251 Thread 0x00000226800e3a40 flushing  nmethod 0x0000022684d1ce10
Event: 663.251 Thread 0x00000226800e3a40 flushing  nmethod 0x0000022684d1db90
Event: 663.251 Thread 0x00000226800e3a40 flushing  nmethod 0x0000022684d1f290
Event: 663.251 Thread 0x00000226800e3a40 flushing  nmethod 0x0000022684d20790
Event: 663.251 Thread 0x00000226800e3a40 flushing osr nmethod 0x0000022684d20e10
Event: 663.251 Thread 0x00000226800e3a40 flushing osr nmethod 0x0000022684d26d10
Event: 663.251 Thread 0x00000226800e3a40 flushing  nmethod 0x0000022684d2ba10
Event: 663.251 Thread 0x00000226800e3a40 flushing  nmethod 0x0000022684d2c790

Events (20 events):
Event: 837.578 Thread 0x00000226df53ee70 Thread exited: 0x00000226df53ee70
Event: 837.579 Thread 0x00000226df53f500 Thread exited: 0x00000226df53f500
Event: 837.580 Thread 0x00000226df53d430 Thread exited: 0x00000226df53d430
Event: 837.596 Thread 0x00000226df5408b0 Thread exited: 0x00000226df5408b0
Event: 837.597 Thread 0x00000226df540f40 Thread exited: 0x00000226df540f40
Event: 837.780 Thread 0x00000226df5436a0 Thread exited: 0x00000226df5436a0
Event: 838.002 Thread 0x00000226df53fb90 Thread exited: 0x00000226df53fb90
Event: 838.004 Thread 0x00000226df53c080 Thread exited: 0x00000226df53c080
Event: 838.009 Thread 0x00000226df541c60 Thread exited: 0x00000226df541c60
Event: 838.012 Thread 0x00000226dd83f680 Thread exited: 0x00000226dd83f680
Event: 838.022 Thread 0x00000226dd843190 Thread exited: 0x00000226dd843190
Event: 838.396 Thread 0x00000226de144680 Thread added: 0x00000226df53c080
Event: 838.785 Thread 0x00000226de144680 Thread added: 0x00000226df53dac0
Event: 838.836 Thread 0x00000226df53c080 Thread exited: 0x00000226df53c080
Event: 839.225 Thread 0x00000226df53dac0 Thread exited: 0x00000226df53dac0
Event: 840.041 Thread 0x00000226de144680 Thread added: 0x00000226df53c080
Event: 840.221 Thread 0x00000226df53c080 Thread exited: 0x00000226df53c080
Event: 893.886 Thread 0x00000226de1460c0 Thread exited: 0x00000226de1460c0
Event: 901.986 Thread 0x00000226dc32aaa0 Thread exited: 0x00000226dc32aaa0
Event: 1030.279 Thread 0x00000226dc50a850 Thread exited: 0x00000226dc50a850


Dynamic libraries:
0x00007ff6229b0000 - 0x00007ff6229be000 	c:\Users\LENOVO\.vscode\extensions\redhat.java-1.56.0-win32-x64\jre\21.0.12.1-win32-x86_64\bin\java.exe
0x00007ff9e0fe0000 - 0x00007ff9e1247000 	C:\WINDOWS\SYSTEM32\ntdll.dll
0x00007ff9dee40000 - 0x00007ff9def0b000 	C:\WINDOWS\System32\KERNEL32.DLL
0x00007ff9de430000 - 0x00007ff9de832000 	C:\WINDOWS\System32\KERNELBASE.dll
0x00007ff9d9ce0000 - 0x00007ff9d9d7f000 	C:\WINDOWS\SYSTEM32\apphelp.dll
0x00007ff9de210000 - 0x00007ff9de35c000 	C:\WINDOWS\System32\ucrtbase.dll
0x00007ff9cfb30000 - 0x00007ff9cfb48000 	c:\Users\LENOVO\.vscode\extensions\redhat.java-1.56.0-win32-x64\jre\21.0.12.1-win32-x86_64\bin\jli.dll
0x00007ff9df530000 - 0x00007ff9df6ff000 	C:\WINDOWS\System32\USER32.dll
0x00007ff9de1e0000 - 0x00007ff9de207000 	C:\WINDOWS\System32\win32u.dll
0x00007ff9dfb10000 - 0x00007ff9dfb3b000 	C:\WINDOWS\System32\GDI32.dll
0x00007ff9de990000 - 0x00007ff9deab9000 	C:\WINDOWS\System32\gdi32full.dll
0x00007ff9dec50000 - 0x00007ff9decf3000 	C:\WINDOWS\System32\msvcp_win.dll
0x00007ff9ce540000 - 0x00007ff9ce55e000 	c:\Users\LENOVO\.vscode\extensions\redhat.java-1.56.0-win32-x64\jre\21.0.12.1-win32-x86_64\bin\VCRUNTIME140.dll
0x00007ff9c94a0000 - 0x00007ff9c9730000 	C:\WINDOWS\WinSxS\amd64_microsoft.windows.common-controls_6595b64144ccf1df_6.0.26100.9278_none_3e0d1ba8e3303201\COMCTL32.dll
0x00007ff9dfb50000 - 0x00007ff9dfbf9000 	C:\WINDOWS\System32\msvcrt.dll
0x00007ff9df490000 - 0x00007ff9df4c1000 	C:\WINDOWS\System32\IMM32.DLL
0x00007ff9dc5c0000 - 0x00007ff9dc5cc000 	c:\Users\LENOVO\.vscode\extensions\redhat.java-1.56.0-win32-x64\jre\21.0.12.1-win32-x86_64\bin\vcruntime140_1.dll
0x00007ff9cba20000 - 0x00007ff9cbaad000 	c:\Users\LENOVO\.vscode\extensions\redhat.java-1.56.0-win32-x64\jre\21.0.12.1-win32-x86_64\bin\msvcp140.dll
0x00007ff98dc90000 - 0x00007ff98ea32000 	c:\Users\LENOVO\.vscode\extensions\redhat.java-1.56.0-win32-x64\jre\21.0.12.1-win32-x86_64\bin\server\jvm.dll
0x00007ff9df9d0000 - 0x00007ff9dfa8c000 	C:\WINDOWS\System32\ADVAPI32.dll
0x00007ff9ded90000 - 0x00007ff9dee39000 	C:\WINDOWS\System32\sechost.dll
0x00007ff9e0e60000 - 0x00007ff9e0f78000 	C:\WINDOWS\System32\RPCRT4.dll
0x00007ff9ded00000 - 0x00007ff9ded80000 	C:\WINDOWS\System32\WS2_32.dll
0x00007ff9de040000 - 0x00007ff9de09e000 	C:\WINDOWS\SYSTEM32\POWRPROF.dll
0x00007ff9c6c80000 - 0x00007ff9c6cb6000 	C:\WINDOWS\SYSTEM32\WINMM.dll
0x00007ff9dbeb0000 - 0x00007ff9dbebb000 	C:\WINDOWS\SYSTEM32\VERSION.dll
0x00007ff9de020000 - 0x00007ff9de035000 	C:\WINDOWS\SYSTEM32\UMPDC.dll
0x00007ff9dc4f0000 - 0x00007ff9dc50b000 	C:\WINDOWS\SYSTEM32\kernel.appcore.dll
0x00007ff9d9940000 - 0x00007ff9d994a000 	c:\Users\LENOVO\.vscode\extensions\redhat.java-1.56.0-win32-x64\jre\21.0.12.1-win32-x86_64\bin\jimage.dll
0x00007ff9dd960000 - 0x00007ff9ddbac000 	C:\WINDOWS\SYSTEM32\DBGHELP.DLL
0x00007ff9dfc00000 - 0x00007ff9dff85000 	C:\WINDOWS\System32\combase.dll
0x00007ff9dff90000 - 0x00007ff9e0069000 	C:\WINDOWS\System32\OLEAUT32.dll
0x00007ff982a20000 - 0x00007ff982a5b000 	C:\WINDOWS\SYSTEM32\dbgcore.DLL
0x00007ff9de370000 - 0x00007ff9de41c000 	C:\WINDOWS\System32\bcryptPrimitives.dll
0x00007ff9cfc90000 - 0x00007ff9cfc9f000 	c:\Users\LENOVO\.vscode\extensions\redhat.java-1.56.0-win32-x64\jre\21.0.12.1-win32-x86_64\bin\instrument.dll
0x00007ff9ce7c0000 - 0x00007ff9ce7e0000 	c:\Users\LENOVO\.vscode\extensions\redhat.java-1.56.0-win32-x64\jre\21.0.12.1-win32-x86_64\bin\java.dll
0x00007ff9e06c0000 - 0x00007ff9e0e58000 	C:\WINDOWS\System32\SHELL32.dll
0x00007ff9dac30000 - 0x00007ff9db4de000 	C:\WINDOWS\SYSTEM32\windows.storage.dll
0x00007ff9e0260000 - 0x00007ff9e035b000 	C:\WINDOWS\System32\SHCORE.dll
0x00007ff9dfaa0000 - 0x00007ff9dfb06000 	C:\WINDOWS\System32\shlwapi.dll
0x00007ff9de100000 - 0x00007ff9de129000 	C:\WINDOWS\SYSTEM32\profapi.dll
0x00007ff9c9750000 - 0x00007ff9c9768000 	c:\Users\LENOVO\.vscode\extensions\redhat.java-1.56.0-win32-x64\jre\21.0.12.1-win32-x86_64\bin\zip.dll
0x00007ff9cf180000 - 0x00007ff9cf190000 	C:\Users\LENOVO\.vscode\extensions\redhat.java-1.56.0-win32-x64\jre\21.0.12.1-win32-x86_64\bin\net.dll
0x00007ff9cad60000 - 0x00007ff9cae8a000 	C:\WINDOWS\SYSTEM32\WINHTTP.dll
0x00007ff9dc440000 - 0x00007ff9dc4ac000 	C:\WINDOWS\system32\mswsock.dll
0x00007ff9c6a00000 - 0x00007ff9c6a16000 	C:\Users\LENOVO\.vscode\extensions\redhat.java-1.56.0-win32-x64\jre\21.0.12.1-win32-x86_64\bin\nio.dll
0x00007ff9ce790000 - 0x00007ff9ce7a0000 	c:\Users\LENOVO\.vscode\extensions\redhat.java-1.56.0-win32-x64\jre\21.0.12.1-win32-x86_64\bin\verify.dll
0x00007ff9b1e50000 - 0x00007ff9b1e95000 	C:\Users\LENOVO\AppData\Roaming\Code\User\globalStorage\redhat.java\1.56.0\config_win\org.eclipse.equinox.launcher\org.eclipse.equinox.launcher.win32.win32.x86_64_1.3.100.v20260804-1928\eclipse_11924.dll
0x00007ff9df7a0000 - 0x00007ff9df93a000 	C:\WINDOWS\System32\ole32.dll
0x00007ff9cda30000 - 0x00007ff9cda3a000 	C:\Users\LENOVO\.vscode\extensions\redhat.java-1.56.0-win32-x64\jre\21.0.12.1-win32-x86_64\bin\management.dll
0x00007ff9cda20000 - 0x00007ff9cda2c000 	C:\Users\LENOVO\.vscode\extensions\redhat.java-1.56.0-win32-x64\jre\21.0.12.1-win32-x86_64\bin\management_ext.dll
0x00007ff9df520000 - 0x00007ff9df528000 	C:\WINDOWS\System32\PSAPI.DLL
0x00007ff9ddce0000 - 0x00007ff9ddcfb000 	C:\WINDOWS\SYSTEM32\CRYPTSP.dll
0x00007ff9dbe10000 - 0x00007ff9dbe49000 	C:\WINDOWS\system32\rsaenh.dll
0x00007ff9dc510000 - 0x00007ff9dc544000 	C:\WINDOWS\SYSTEM32\USERENV.dll
0x00007ff9de0d0000 - 0x00007ff9de0fa000 	C:\WINDOWS\SYSTEM32\bcrypt.dll
0x00007ff9dd140000 - 0x00007ff9dd14c000 	C:\WINDOWS\SYSTEM32\CRYPTBASE.dll
0x00007ff9db8e0000 - 0x00007ff9db913000 	C:\WINDOWS\SYSTEM32\IPHLPAPI.DLL
0x00007ff9dfb40000 - 0x00007ff9dfb4a000 	C:\WINDOWS\System32\NSI.dll
0x00007ff9aba80000 - 0x00007ff9abac9000 	C:\Users\LENOVO\AppData\Local\Temp\jna--2053026509\jna4318418517501785596.dll
0x00007ff9cad00000 - 0x00007ff9cad1d000 	C:\WINDOWS\SYSTEM32\dhcpcsvc6.DLL
0x00007ff9cacd0000 - 0x00007ff9cacf5000 	C:\WINDOWS\SYSTEM32\dhcpcsvc.DLL
0x00007ff9ca520000 - 0x00007ff9ca52e000 	C:\Users\LENOVO\.vscode\extensions\redhat.java-1.56.0-win32-x64\jre\21.0.12.1-win32-x86_64\bin\sunmscapi.dll
0x00007ff9deac0000 - 0x00007ff9dec3e000 	C:\WINDOWS\System32\CRYPT32.dll
0x00007ff9dd250000 - 0x00007ff9dd280000 	C:\WINDOWS\SYSTEM32\ncrypt.dll
0x00007ff9dd200000 - 0x00007ff9dd23f000 	C:\WINDOWS\SYSTEM32\NTASN1.dll
0x00007ff9db920000 - 0x00007ff9dba78000 	C:\WINDOWS\SYSTEM32\DNSAPI.dll
0x00007ff9dc220000 - 0x00007ff9dc22d000 	C:\WINDOWS\SYSTEM32\DSPARSE.dll
0x00007ff9caab0000 - 0x00007ff9caabb000 	C:\Windows\System32\rasadhlp.dll
0x00007ff9c9b30000 - 0x00007ff9c9bb6000 	C:\WINDOWS\System32\fwpuclnt.dll
0x00007ff9c90b0000 - 0x00007ff9c90b9000 	C:\Users\LENOVO\.vscode\extensions\redhat.java-1.56.0-win32-x64\jre\21.0.12.1-win32-x86_64\bin\extnet.dll

JVMTI agents:
c:\Users\LENOVO\.vscode\extensions\redhat.java-1.56.0-win32-x64\lombok\lombok-1.18.39-4050.jar path:c:\Users\LENOVO\.vscode\extensions\redhat.java-1.56.0-win32-x64\jre\21.0.12.1-win32-x86_64\bin\instrument.dll, loaded, initialized, instrumentlib options:none

dbghelp: loaded successfully - version: 4.0.5 - missing functions: none
symbol engine: initialized successfully - sym options: 0x614 - pdb path: .;c:\Users\LENOVO\.vscode\extensions\redhat.java-1.56.0-win32-x64\jre\21.0.12.1-win32-x86_64\bin;C:\WINDOWS\SYSTEM32;C:\WINDOWS\WinSxS\amd64_microsoft.windows.common-controls_6595b64144ccf1df_6.0.26100.9278_none_3e0d1ba8e3303201;c:\Users\LENOVO\.vscode\extensions\redhat.java-1.56.0-win32-x64\jre\21.0.12.1-win32-x86_64\bin\server;C:\Users\LENOVO\AppData\Roaming\Code\User\globalStorage\redhat.java\1.56.0\config_win\org.eclipse.equinox.launcher\org.eclipse.equinox.launcher.win32.win32.x86_64_1.3.100.v20260804-1928;C:\Users\LENOVO\AppData\Local\Temp\jna--2053026509

VM Arguments:
jvm_args: --add-modules=ALL-SYSTEM --add-opens=java.base/java.util=ALL-UNNAMED --add-opens=java.base/java.lang=ALL-UNNAMED --add-opens=java.base/sun.nio.fs=ALL-UNNAMED -Declipse.application=org.eclipse.jdt.ls.core.id1 -Dosgi.bundles.defaultStartLevel=4 -Declipse.product=org.eclipse.jdt.ls.core.product -Djava.import.generatesMetadataFilesAtProjectRoot=false -Dm2e.project.cache.size=50 -DDetectVMInstallationsJob.disabled=true -Dfile.encoding=utf8 -XX:+UseParallelGC -XX:GCTimeRatio=4 -XX:AdaptiveSizePolicyWeight=90 -Dsun.zip.disableMemoryMapping=true -Xmx2G -Xms100m -Xlog:disable -javaagent:c:\Users\LENOVO\.vscode\extensions\redhat.java-1.56.0-win32-x64\lombok\lombok-1.18.39-4050.jar -XX:+HeapDumpOnOutOfMemoryError -XX:HeapDumpPath=c:\Users\LENOVO\AppData\Roaming\Code\User\workspaceStorage\6ef707f3a5bc759fafa6ad099d1bafba\redhat.java -Daether.dependencyCollector.impl=bf 
java_command: c:\Users\LENOVO\.vscode\extensions\redhat.java-1.56.0-win32-x64\server\plugins\org.eclipse.equinox.launcher_1.8.0.v20260804-1928.jar -configuration c:\Users\LENOVO\AppData\Roaming\Code\User\globalStorage\redhat.java\1.56.0\config_win -data c:\Users\LENOVO\AppData\Roaming\Code\User\workspaceStorage\6ef707f3a5bc759fafa6ad099d1bafba\redhat.java\jdt_ws --stdio
java_class_path (initial): c:\Users\LENOVO\.vscode\extensions\redhat.java-1.56.0-win32-x64\server\plugins\org.eclipse.equinox.launcher_1.8.0.v20260804-1928.jar
Launcher Type: SUN_STANDARD

[Global flags]
    uintx AdaptiveSizePolicyWeight                 = 90                                        {product} {command line}
     intx CICompilerCount                          = 2                                         {product} {ergonomic}
    uintx GCTimeRatio                              = 4                                         {product} {command line}
     bool HeapDumpOnOutOfMemoryError               = true                                   {manageable} {command line}
    ccstr HeapDumpPath                             = c:\Users\LENOVO\AppData\Roaming\Code\User\workspaceStorage\6ef707f3a5bc759fafa6ad099d1bafba\redhat.java         {manageable} {command line}
   size_t InitialHeapSize                          = 104857600                                 {product} {command line}
   size_t MaxHeapSize                              = 2147483648                                {product} {command line}
   size_t MaxNewSize                               = 715653120                                 {product} {ergonomic}
   size_t MinHeapDeltaBytes                        = 524288                                    {product} {ergonomic}
   size_t MinHeapSize                              = 104857600                                 {product} {command line}
   size_t NewSize                                  = 34603008                                  {product} {ergonomic}
    uintx NonNMethodCodeHeapSize                   = 5826188                                {pd product} {ergonomic}
    uintx NonProfiledCodeHeapSize                  = 122916026                              {pd product} {ergonomic}
   size_t OldSize                                  = 70254592                                  {product} {ergonomic}
    uintx ProfiledCodeHeapSize                     = 122916026                              {pd product} {ergonomic}
    uintx ReservedCodeCacheSize                    = 251658240                              {pd product} {ergonomic}
     bool SegmentedCodeCache                       = true                                      {product} {ergonomic}
   size_t SoftMaxHeapSize                          = 2147483648                             {manageable} {ergonomic}
     bool UseCompressedOops                        = true                           {product lp64_product} {ergonomic}
     bool UseLargePagesIndividualAllocation        = false                                  {pd product} {ergonomic}
     bool UseParallelGC                            = true                                      {product} {command line}

Logging:
Log output configuration:
 #0: stdout all=off uptime,level,tags foldmultilines=false
 #1: stderr all=off uptime,level,tags foldmultilines=false

Release file:
JAVA_VERSION="21.0.12.1" 
MODULES="java.base java.compiler java.datatransfer java.xml java.prefs java.desktop java.instrument java.logging java.management java.security.sasl java.naming java.rmi java.management.rmi java.net.http java.scripting java.security.jgss java.transaction.xa java.sql java.sql.rowset java.xml.crypto java.se java.smartcardio jdk.accessibility jdk.internal.jvmstat jdk.attach jdk.charsets jdk.internal.opt jdk.zipfs jdk.compiler jdk.crypto.ec jdk.crypto.cryptoki jdk.crypto.mscapi jdk.dynalink jdk.internal.ed jdk.editpad jdk.hotspot.agent jdk.httpserver jdk.internal.le jdk.internal.vm.ci jdk.internal.vm.compiler jdk.internal.vm.compiler.management jdk.jartool jdk.javadoc jdk.jcmd jdk.management jdk.management.agent jdk.jconsole jdk.jdeps jdk.jdwp.agent jdk.jdi jdk.jfr jdk.jshell jdk.jsobject jdk.jstatd jdk.localedata jdk.management.jfr jdk.naming.dns jdk.naming.rmi jdk.net jdk.nio.mapmode jdk.random jdk.sctp jdk.security.auth jdk.security.jgss jdk.unsupported jdk.unsupported.desktop jdk.xml.dom" 

Environment Variables:
PATH=C:\Program Files\Common Files\Oracle\Java\javapath;C:\WINDOWS\system32;C:\WINDOWS;C:\WINDOWS\System32\Wbem;C:\WINDOWS\System32\WindowsPowerShell\v1.0\;C:\WINDOWS\System32\OpenSSH\;C:\Program Files\Git\cmd;C:\Program Files\dotnet\;C:\Program Files\nodejs\;C:\Users\LENOVO\AppData\Local\Programs\Python\Launcher\;C:\Users\LENOVO\.local\bin;C:\Users\LENOVO\AppData\Local\Microsoft\WindowsApps;C:\Users\LENOVO\AppData\Local\Programs\Microsoft VS Code\bin;C:\Users\LENOVO\AppData\Local\Python\bin;C:\Users\LENOVO\.dotnet\tools;C:\Users\LENOVO\AppData\Roaming\npm
USERNAME=LENOVO
OS=Windows_NT
PROCESSOR_IDENTIFIER=Intel64 Family 6 Model 122 Stepping 8, GenuineIntel
TMP=C:\Users\LENOVO\AppData\Local\Temp
TEMP=C:\Users\LENOVO\AppData\Local\Temp




Periodic native trim disabled

---------------  S Y S T E M  ---------------

OS:
 Windows 11 , 64 bit Build 26100 (10.0.26100.9444)
OS uptime: 3 days 23:54 hours
Hyper-V role detected

CPU: total 2 (initial active 2) (2 cores per cpu, 1 threads per core) family 6 model 122 stepping 8 microcode 0x18, cx8, cmov, fxsr, mmx, 3dnowpref, sse, sse2, sse3, ssse3, sse4.1, sse4.2, popcnt, tsc, tscinvbit, aes, erms, clmul, sha, clflush, clflushopt, hv, rdtscp, rdpid
Processor Information for the first 2 processors :
  Max Mhz: 1101, Current Mhz: 1101, Mhz Limit: 1101

Memory: 4k page, system-wide physical 3737M (104M free)
TotalPageFile size 15001M (AvailPageFile size 1M)
current process WorkingSet (physical memory assigned to process): 8M, peak: 479M
current process commit charge ("private bytes"): 1646M, peak: 1678M

vm_info: OpenJDK 64-Bit Server VM (21.0.12.1+1-LTS) for windows-amd64 JRE (21.0.12.1+1-LTS), built on 2026-08-18T00:00:00Z by "admin" with MS VC++ 17.12 (VS2022)

END.
